**********************
Windows PowerShell transcript start
Start time: 20260301195124
Username: DESKTOP-RG7MTHB\Shifty
RunAs User: DESKTOP-RG7MTHB\Shifty
Configuration Name: 
Machine: DESKTOP-RG7MTHB (Microsoft Windows NT 10.0.19045.0)
Host Application: C:\Windows\System32\WindowsPowerShell\v1.0\powershell.exe -Command if((Get-ExecutionPolicy ) -ne 'AllSigned') { Set-ExecutionPolicy -Scope Process Bypass }; & 'C:\Users\Shifty\Desktop\freshvoxel\setup-and-build.ps1'
Process ID: 24192
PSVersion: 5.1.19041.6926
PSEdition: Desktop
PSCompatibleVersions: 1.0, 2.0, 3.0, 4.0, 5.0, 5.1.19041.6926
BuildVersion: 10.0.19041.6926
CLRVersion: 4.0.30319.42000
WSManStackVersion: 3.0
PSRemotingProtocolVersion: 2.3
SerializationVersion: 1.1.0.1
**********************
Transcript started, output file is C:\Users\Shifty\Desktop\freshvoxel\logs\setup-and-build-20260301-195124.log

============================================================
 FreshVoxel Engine - Automated Build Script
============================================================

[INFO] Project directory: C:\Users\Shifty\Desktop\freshvoxel

============================================================
 Step 1: Checking Prerequisites
============================================================


>> Checking for Git...
[OK] Git found: git version 2.51.2.windows.1

>> Checking for CMake...
[OK] CMake found: cmake version 4.2.3

>> Checking for Visual Studio 2022...
[OK] Visual Studio 2022 found at: C:\Program Files\Microsoft Visual Studio\2022\Community
[OK] Desktop development with C++ workload is installed

>> Checking for .NET 9 SDK (optional)...
[OK] .NET 9 SDK found: 9.0.311

============================================================
 Step 2: Setting up vcpkg for dependency management
============================================================

[INFO] vcpkg not found - setting up in project directory...

>> Cloning vcpkg repository...
Cloning into 'C:\Users\Shifty\Desktop\freshvoxel\vcpkg'...
remote: Enumerating objects: 309639, done.
remote: Counting objects: 100% (445/445), done.
remote: Compressing objects: 100% (163/163), done.
remote: Total 309639 (delta 384), reused 282 (delta 282), pack-reused 309194 (from 4)
Receiving objects: 100% (309639/309639), 97.63 MiB | 10.41 MiB/s, done.
Resolving deltas: 100% (208108/208108), done.
Updating files: 100% (13569/13569), done.
[OK] vcpkg cloned successfully

>> Bootstrapping vcpkg...
Downloading https://github.com/microsoft/vcpkg-tool/releases/download/2026-02-21/vcpkg.exe -> C:\Users\Shifty\Desktop\fr
eshvoxel\vcpkg\vcpkg.exe... done.
Validating signature... done.

vcpkg package management program version 2026-02-21-82f3841f4f91e8389b7c7ddf61e6733683b2f67b

See LICENSE.txt for license information.
Telemetry
---------
vcpkg collects usage data in order to help us improve your experience.
The data collected by Microsoft is anonymous.
You can opt-out of telemetry by re-running the bootstrap-vcpkg script with -disableMetrics,
passing --disable-metrics to vcpkg on the command line,
or by setting the VCPKG_DISABLE_METRICS environment variable.

Read more about vcpkg telemetry at docs/about/privacy.md
[OK] vcpkg bootstrapped successfully
[OK] Using vcpkg toolchain: C:\Users\Shifty\Desktop\freshvoxel\vcpkg\scripts\buildsystems\vcpkg.cmake

============================================================
 Step 3: Generating Visual Studio 2022 Solution
============================================================

[INFO] Created build directory: C:\Users\Shifty\Desktop\freshvoxel\build

>> Running CMake to generate Visual Studio solution...
[INFO] Configuration: Windows x64 with DirectX 11/12
[INFO] This may take 5-15 minutes on first run (vcpkg will download and build dependencies)

Executing: cmake -G Visual Studio 17 2022 -A x64 -DCMAKE_TOOLCHAIN_FILE=C:\Users\Shifty\Desktop\freshvoxel\vcpkg\scripts\buildsystems\vcpkg.cmake ..

-- Running vcpkg install
Detecting compiler hash for triplet x64-windows...
Compiler found: C:/Program Files/Microsoft Visual Studio/2022/Community/VC/Tools/MSVC/14.44.35207/bin/Hostx64/x64/cl.exe
The following packages will be built and installed:
  * egl-registry:x64-windows@2024-01-25
  * fmt:x64-windows@12.1.0
    glew:x64-windows@2.2.0#6
    glfw3:x64-windows@3.4#1
    glm:x64-windows@1.0.2
    gtest:x64-windows@1.17.0#2
  * libogg:x64-windows@1.3.6#1
    libvorbis:x64-windows@1.3.7#4
    luajit:x64-windows@2023-01-04#7
    nativefiledialog-extended:x64-windows@1.2.1
    nlohmann-json:x64-windows@3.12.0#1
    openal-soft:x64-windows@1.24.3#1
  * opengl:x64-windows@2022-12-04#3
  * opengl-registry:x64-windows@2024-02-10#1
    sol2:x64-windows@3.5.0
    tinyobjloader:x64-windows@2.0.0rc13
  * vcpkg-cmake:x64-windows@2024-04-23
  * vcpkg-cmake-config:x64-windows@2024-05-23
  * vcpkg-cmake-get-vars:x64-windows@2025-05-29
Additional packages (*) will be modified to complete this operation.
Restored 19 package(s) from C:\Users\Shifty\AppData\Local\vcpkg\archives in 1.8 s. Use --debug to see more details.
Installing 1/19 vcpkg-cmake-config:x64-windows@2024-05-23...
vcpkg-cmake-config:x64-windows@2024-05-23 package ABI: b1d76dea1f6a3bdd5b36c8ed711cc1f0a6ac9c14926c1e929fd8bdfc15826b78
Elapsed time to handle vcpkg-cmake-config:x64-windows: 3.38 ms
Installing 2/19 vcpkg-cmake:x64-windows@2024-04-23...
vcpkg-cmake:x64-windows@2024-04-23 package ABI: e79fa76841b70d89ca58c35c2a14f367f146b1c56bf64989681ea3743eb690a8
Elapsed time to handle vcpkg-cmake:x64-windows: 8.36 ms
Installing 3/19 egl-registry:x64-windows@2024-01-25...
egl-registry:x64-windows@2024-01-25 package ABI: e824f3bb93d470456acbf5bb0cf501f465e36af7fa9cd56998728bb6bcaf5bcc
Elapsed time to handle egl-registry:x64-windows: 9 ms
Installing 4/19 opengl-registry:x64-windows@2024-02-10#1...
opengl-registry:x64-windows@2024-02-10#1 package ABI: 3c441cc959a692fd19b68003723844e6725460ff6acebaaf53b00eba9b0de9f0
Elapsed time to handle opengl-registry:x64-windows: 11.4 ms
Installing 5/19 opengl:x64-windows@2022-12-04#3...
opengl:x64-windows@2022-12-04#3 package ABI: 37b487b813ec1899927c343ec38bf402f17b4880a6cc488acce5b12d2f4f8be8
Elapsed time to handle opengl:x64-windows: 10.2 ms
Installing 6/19 glew:x64-windows@2.2.0#6...
glew:x64-windows@2.2.0#6 package ABI: c2385a17c7edc59f460c9dea774327420d69da0a0a17067009eb982aaf36d5ba
Elapsed time to handle glew:x64-windows: 10.9 ms
Installing 7/19 glfw3:x64-windows@3.4#1...
glfw3:x64-windows@3.4#1 package ABI: a4b4eb6153fcecbd2d12dff23807c2e36b01f16e750ef0800d6f3c8ad3310035
Elapsed time to handle glfw3:x64-windows: 11.1 ms
Installing 8/19 glm:x64-windows@1.0.2...
glm:x64-windows@1.0.2 package ABI: 1db8e59a33d6d660b6f7e4f26d83824c1a3966ae74fcdca561be06d23204d5a9
Elapsed time to handle glm:x64-windows: 46.9 ms
Installing 9/19 gtest:x64-windows@1.17.0#2...
gtest:x64-windows@1.17.0#2 package ABI: 42d596db2722addff503f0c037c0e06bec19bba9554d1c56c1bde735740d3f12
Elapsed time to handle gtest:x64-windows: 18.4 ms
Installing 10/19 libogg:x64-windows@1.3.6#1...
libogg:x64-windows@1.3.6#1 package ABI: 89e565dfce07b6f19e53b809db5f93e9b128debd25565d9ffc993e65943b8b60
Elapsed time to handle libogg:x64-windows: 13 ms
Installing 11/19 libvorbis:x64-windows@1.3.7#4...
libvorbis:x64-windows@1.3.7#4 package ABI: 8b8f478dc3f4b009fda0d1c317aff1eb3abedb7c5930202640ca7eb55ff33c21
Elapsed time to handle libvorbis:x64-windows: 12.3 ms
Installing 12/19 vcpkg-cmake-get-vars:x64-windows@2025-05-29...
vcpkg-cmake-get-vars:x64-windows@2025-05-29 package ABI: 9c8abff61eef2791d4fbc438a73b18e024b8c2677f3d3b2c7681ebac6a9d492
5
Elapsed time to handle vcpkg-cmake-get-vars:x64-windows: 11.1 ms
Installing 13/19 luajit:x64-windows@2023-01-04#7...
luajit:x64-windows@2023-01-04#7 package ABI: 5da088c583a3d04db26e1ea5137b4dca1794108c13601346fa9c40687eebd9e6
Elapsed time to handle luajit:x64-windows: 14 ms
Installing 14/19 nativefiledialog-extended:x64-windows@1.2.1...
nativefiledialog-extended:x64-windows@1.2.1 package ABI: 8c74c1cde9064b70a8e28eafd800a11d137d777cd415ab87ae8f50ea22d87d3
8
Elapsed time to handle nativefiledialog-extended:x64-windows: 12.8 ms
Installing 15/19 nlohmann-json:x64-windows@3.12.0#1...
nlohmann-json:x64-windows@3.12.0#1 package ABI: 1530b1b550a302d30c4edb07ce1caf5dcea813e0ee17f9aee6b41082252b893c
Elapsed time to handle nlohmann-json:x64-windows: 14.5 ms
Installing 16/19 fmt:x64-windows@12.1.0...
fmt:x64-windows@12.1.0 package ABI: 02839e3271b4c24231b4b385845308494789350086e6fba69b056d795c386f1e
Elapsed time to handle fmt:x64-windows: 14.1 ms
Installing 17/19 openal-soft:x64-windows@1.24.3#1...
openal-soft:x64-windows@1.24.3#1 package ABI: 4986036008926ea10693a6c934e22dcc80dde8be3fc9c542f8cf5aee0090349c
Elapsed time to handle openal-soft:x64-windows: 12.5 ms
Installing 18/19 sol2:x64-windows@3.5.0...
sol2:x64-windows@3.5.0 package ABI: 9a026d391a3fd7043c828dc40a64c0b413d4901ac68e5ef75ab1d2d3ba76a7c2
Elapsed time to handle sol2:x64-windows: 22.5 ms
Installing 19/19 tinyobjloader:x64-windows@2.0.0rc13...
tinyobjloader:x64-windows@2.0.0rc13 package ABI: 7d11cc8e042abfc775b71376582e572d315176ccab27c2834aa687422f08b6d6
Elapsed time to handle tinyobjloader:x64-windows: 13.6 ms
Installed contents are licensed to you by owners. Microsoft is not responsible for, nor does it grant any licenses to, t
hird-party packages.
Some packages did not declare an SPDX license. Check the `copyright` file for each package for more information about th
eir licensing.
Packages installed in this vcpkg installation declare the following licenses:
BSD-3-Clause
LGPL-2.0-or-later
MIT
Zlib
The package glew is compatible with built-in CMake targets:

    find_package(GLEW REQUIRED)
    target_link_libraries(main PRIVATE GLEW::GLEW)

glfw3 provides CMake targets:

  # this is heuristically generated, and may not be correct
  find_package(glfw3 CONFIG REQUIRED)
  target_link_libraries(main PRIVATE glfw)

glfw3 provides pkg-config modules:

  # A multi-platform library for OpenGL, window and input
  glfw3

The package glm provides CMake targets:

    find_package(glm CONFIG REQUIRED)
    target_link_libraries(main PRIVATE glm::glm)

    # Or use the header-only version
    find_package(glm CONFIG REQUIRED)
    target_link_libraries(main PRIVATE glm::glm-header-only)

The package gtest is compatible with built-in CMake targets:

    enable_testing()

    find_package(GTest CONFIG REQUIRED)
    target_link_libraries(main PRIVATE GTest::gtest GTest::gtest_main GTest::gmock GTest::gmock_main)

    add_test(AllTestsInMain main)

The package libvorbis provides CMake targets:

    # Vorbis reference encoder and decoder, low-level API
    find_package(Vorbis CONFIG REQUIRED)
    target_link_libraries(main PRIVATE Vorbis::vorbis)

    # Audio stream decoding and basic manipulation, high-level API
    find_package(Vorbis CONFIG REQUIRED)
    target_link_libraries(main PRIVATE Vorbis::vorbisfile)

    # Convenience API for setting up an encoding environment
    find_package(Vorbis CONFIG REQUIRED)
    target_link_libraries(main PRIVATE Vorbis::vorbisenc)

luajit provides pkg-config modules:

  # Just-in-time compiler for Lua
  luajit

nativefiledialog-extended provides CMake targets:

  # this is heuristically generated, and may not be correct
  find_package(nfd CONFIG REQUIRED)
  target_link_libraries(main PRIVATE nfd::nfd)

The package nlohmann-json provides CMake targets:

    find_package(nlohmann_json CONFIG REQUIRED)
    target_link_libraries(main PRIVATE nlohmann_json::nlohmann_json)

The package nlohmann-json can be configured to not provide implicit conversions via a custom triplet file:

    set(nlohmann-json_IMPLICIT_CONVERSIONS OFF)

For more information, see the docs here:

    https://json.nlohmann.me/api/macros/json_use_implicit_conversions/

openal-soft provides CMake targets:

  # this is heuristically generated, and may not be correct
  find_package(OpenAL CONFIG REQUIRED)
  target_link_libraries(main PRIVATE OpenAL::OpenAL)

openal-soft provides pkg-config modules:

  # OpenAL is a cross-platform 3D audio API
  openal

sol2 is header-only and can be used from CMake via:

  find_path(SOL2_INCLUDE_DIRS "sol/abort.hpp")
  target_include_directories(main PRIVATE ${SOL2_INCLUDE_DIRS})

tinyobjloader provides CMake targets:

  # this is heuristically generated, and may not be correct
  find_package(tinyobjloader CONFIG REQUIRED)
  target_link_libraries(main PRIVATE tinyobjloader::tinyobjloader)

tinyobjloader provides pkg-config modules:

  # Tiny but powerful single file wavefront obj loader
  tinyobjloader

All requested installations completed successfully in: 279 ms
-- Running vcpkg install - done
-- Selecting Windows SDK version 10.0.26100.0 to target Windows 10.0.19045.
-- The CXX compiler identification is MSVC 19.38.33145.0
-- Detecting CXX compiler ABI info
-- Detecting CXX compiler ABI info - done
-- Check for working CXX compiler: C:/Program Files/Microsoft Visual Studio/2022/Community/VC/Tools/MSVC/14.38.33130/bin
/Hostx64/x64/cl.exe - skipped
-- Detecting CXX compile features
-- Detecting CXX compile features - done
-- Configuring FreshVoxel Engine for Windows Gaming Platform
--   - Platform: Windows 10/11 (x64)
--   - Primary Renderer: DirectX 12
--   - Fallback Renderer: DirectX 11
--   - Optional: OpenGL support (for compatibility)
--   - Editor: Windows-native Unreal-like game development environment
-- Using vcpkg for dependency management
-- Dependencies will be automatically installed from vcpkg.json
-- OpenGL found
-- GLEW found for OpenGL extension loading
-- OpenAL found successfully
-- libvorbis found successfully
CMake Warning at CMakeLists.txt:277 (message):
  Lua not found.  Asset management Lua integration will be disabled.


CMake Warning at CMakeLists.txt:278 (message):
    vcpkg install luajit:x64-windows


CMake Warning at CMakeLists.txt:279 (message):
    or vcpkg install lua:x64-windows


-- nlohmann-json found successfully
-- Native File Dialog Extended found successfully
-- tinyobjloader found successfully
-- All find_package calls completed
-- Dependency checking completed
-- Configuring modular build targets...
-- Win32 native UI enabled
-- OpenAL enabled for audio support
-- libvorbis enabled for OGG audio support
-- nlohmann-json enabled for asset manifest parsing
-- Native File Dialog Extended enabled for file operations
-- tinyobjloader enabled for OBJ model loading
-- DirectX libraries linked
-- Win32 UI libraries linked
-- OpenGL library linked
-- GLEW library linked
-- Building tests enabled
-- Native File Dialog Extended linked to test executable
-- Tests configured successfully
-- Run tests with: ctest or FreshTests
-- Examples are integrated into FreshEditor executable
-- Run FreshEditor and select from the main menu
-- See examples/README.md for demo documentation
--
-- ========================================================================
-- CMake configuration completed successfully!
-- ========================================================================
--
-- Configuring done (17.6s)
-- Generating done (0.2s)
-- Build files have been written to: C:/Users/Shifty/Desktop/freshvoxel/build
[OK] Visual Studio solution generated successfully
[OK] Solution file created: C:\Users\Shifty\Desktop\freshvoxel\build\FreshVoxelEngine.sln

============================================================
 Step 4: Building FreshVoxel Engine (Release)
============================================================

[INFO] This may take 2-5 minutes depending on your system

Executing: cmake --build C:\Users\Shifty\Desktop\freshvoxel\build --config Release -- /m

MSBuild version 17.14.40+3e7442088 for .NET Framework

  1>Checking Build System
  Building Custom Rule C:/Users/Shifty/Desktop/freshvoxel/engine/CMakeLists.txt
  Building Custom Rule C:/Users/Shifty/Desktop/freshvoxel/CMakeLists.txt
  Engine.cpp
  test_main.cpp
  ChunkTests.cpp
  VoxelWorldTests.cpp
  Project.cpp
  TimeManagerTests.cpp
  Window.cpp
  Logger.cpp
  WeatherManagerTests.cpp
  MemoryManager.cpp
  SeasonManagerTests.cpp
  ResourceManager.cpp
  WorldCreationIntegrationTest.cpp
  SceneManager.cpp
  NoiseTests.cpp
  Reflection.cpp
  ShaderManager.cpp
  RenderContext.cpp
  TerrainGeneratorTests.cpp
  Material.cpp
  Texture.cpp
  InputManagerTests.cpp
  stb_image_impl.cpp
  ModelLoader.cpp
  EngineInitializationTests.cpp
  TextureManager.cpp
  EngineSystemTests.cpp
  VoxelTextureLoader.cpp
  EngineConfigTests.cpp
  Chunk.cpp
  VoxelWorld.cpp
  MeshGenerator.cpp
  ReflectionTests.cpp
  ChunkStreamer.cpp
  ResourceManagerTests.cpp
  Generating Code...
C:\Users\Shifty\Desktop\freshvoxel\engine\voxel\ChunkStreamer.cpp(219): error C2220: the following warning is treated a
s an error [C:\Users\Shifty\Desktop\freshvoxel\build\engine\FreshEngine.vcxproj]
C:\Users\Shifty\Desktop\freshvoxel\engine\voxel\ChunkStreamer.cpp(219): warning C4701: potentially uninitialized local
variable 'request' used [C:\Users\Shifty\Desktop\freshvoxel\build\engine\FreshEngine.vcxproj]
  EventSystemTests.cpp
  VoxelCharacterTests.cpp
  BodyPartLibraryTests.cpp
  Compiling...
  NoiseGenerator.cpp
  TerrainGenerator.cpp
  AnimationClipTests.cpp
  BiomeSystem.cpp
  WeaponAttachmentTests.cpp
  HeightmapWorldGenerator.cpp
  WorldGeneratorFactory.cpp
  Generating Code...
  WorldGenerationTask.cpp
  PhysicsSystem.cpp
  CollisionDetection.cpp
  PhysicsComponent.cpp
  PhysicsSystemEnhanced.cpp
  RaycastSystem.cpp
  VoxelInteraction.cpp
  VoxelTool.cpp
  ToolManager.cpp
  AISystem.cpp
  Compiling...
  SelectionManagerTests.cpp
  BehaviorTree.cpp
  LLMClient.cpp
  SelectionRendererTests.cpp
  ProjectContext.cpp
  GamePackagerTests.cpp
  BlueprintNode.cpp
  BlueprintGraph.cpp
  Generating Code...
  ClientLauncherTests.cpp
  HealthComponentTests.cpp
  Compiling...
  BlueprintEditor.cpp
  MovementComponentTests.cpp
  DialogueNode.cpp
  DialogueGraph.cpp
  CombatSystemTests.cpp
  DialogueManager.cpp
  AudioEngine.cpp
  VoxelBlockStretchTest.cpp
  EventSystem.cpp
  test_model_loader.cpp
  VoxelCharacter.cpp
  BodyPartLibrary.cpp
  BehaviorTreeTests.cpp
  AnimationClip.cpp
  LLMClientTests.cpp
  AnimationController.cpp
  IKSolver.cpp
  TickSchedulerTests.cpp
  CharacterRenderer.cpp
  EditorGUI.cpp
  StateHasherTests.cpp
  WorldEditor.cpp
  TerraformingSystem.cpp
  ReplayRecorderTests.cpp
  BlockBuilder.cpp
  SelectionManager.cpp
  CommandHistoryTests.cpp
  ModLoaderTests.cpp
  SelectionRenderer.cpp
  TransformGizmo.cpp
  PluginSystemTests.cpp
  FileDialogManager.cpp
  SchemaValidatorTests.cpp
  Generating Code...
  ModuleLoaderTests.cpp
  TimeCommandsTests.cpp
C:\Users\Shifty\Desktop\freshvoxel\tests\devtools\TimeCommandsTests.cpp(126,11): error C2220: the following warning is
treated as an error [C:\Users\Shifty\Desktop\freshvoxel\build\FreshTests.vcxproj]
C:\Users\Shifty\Desktop\freshvoxel\tests\devtools\TimeCommandsTests.cpp(126,11): warning C4189: 'originalRate': local v
ariable is initialized but not referenced [C:\Users\Shifty\Desktop\freshvoxel\build\FreshTests.vcxproj]
  Compiling...
  LayoutManager.cpp
  Generating Code...
  EditorSettingsDialog.cpp
  CameraController.cpp
  GamePackager.cpp
C:\Users\Shifty\Desktop\freshvoxel\engine\editor\GamePackager.cpp(264,72): error C2220: the following warning is treate
d as an error [C:\Users\Shifty\Desktop\freshvoxel\build\engine\FreshEngine.vcxproj]
C:\Users\Shifty\Desktop\freshvoxel\engine\editor\GamePackager.cpp(264,72): warning C4996: 'gmtime': This function or va
riable may be unsafe. Consider using gmtime_s instead. To disable deprecation, use _CRT_SECURE_NO_WARNINGS. See online
help for details. [C:\Users\Shifty\Desktop\freshvoxel\build\engine\FreshEngine.vcxproj]
  ClientLauncher.cpp
  Compiling...
  ViewportContextTests.cpp
  WorldSerializer.cpp
  InputContextTests.cpp
  MainMenu.cpp
  ViewportRenderTargetTests.cpp
  EditorToolbar.cpp
  InputManager.cpp
  BlueprintGraphTests.cpp
  Camera.cpp
  Player.cpp
  DialogueSystemTests.cpp
  TimeManager.cpp
  SeasonManager.cpp
  Chunk.cpp
  WeatherManager.cpp
  VoxelWorld.cpp
  MeshGenerator.cpp
  Raft.cpp
  NoiseGenerator.cpp
  ModularAssetSystem.cpp
  TerrainGenerator.cpp
  MemoryManager.cpp
  Logger.cpp
  VoxelMaterialPack.cpp
  Reflection.cpp
  ResourceManager.cpp
  AssetManager.cpp
  stb_image_impl.cpp
  EventSystem.cpp
  AssetManagerExports.cpp
  EntityManager.cpp
  InputManager.cpp
  Generating Code...
  TimeManager.cpp
  Camera.cpp
  WeatherManager.cpp
  Generating Code...
  Compiling...
  TransformComponent.cpp
  RendererComponent.cpp
  MaterialComponent.cpp
  VoxelBlock.cpp
  VoxelStructureComponent.cpp
  Inventory.cpp
  InventoryComponent.cpp
  Compiling...
  SeasonManager.cpp
  CraftingSystem.cpp
  Inventory.cpp
  ProgressionComponent.cpp
  CraftingSystem.cpp
  FactionComponent.cpp
  LootSystem.cpp
  ModularAssetSystem.cpp
C:\Users\Shifty\Desktop\freshvoxel\engine\rpg\LootSystem.cpp(77,38): error C2838: 'Iron': illegal qualified name in mem
ber declaration [C:\Users\Shifty\Desktop\freshvoxel\build\engine\FreshEngine.vcxproj]
C:\Users\Shifty\Desktop\freshvoxel\engine\rpg\LootSystem.cpp(77,38): error C2065: 'Iron': undeclared identifier [C:\Use
rs\Shifty\Desktop\freshvoxel\build\engine\FreshEngine.vcxproj]
C:\Users\Shifty\Desktop\freshvoxel\engine\rpg\LootSystem.cpp(78,38): error C2838: 'Titanium': illegal qualified name in
 member declaration [C:\Users\Shifty\Desktop\freshvoxel\build\engine\FreshEngine.vcxproj]
C:\Users\Shifty\Desktop\freshvoxel\engine\rpg\LootSystem.cpp(78,38): error C2065: 'Titanium': undeclared identifier [C:
\Users\Shifty\Desktop\freshvoxel\build\engine\FreshEngine.vcxproj]
C:\Users\Shifty\Desktop\freshvoxel\engine\rpg\LootSystem.cpp(79,38): error C2838: 'Naonite': illegal qualified name in
member declaration [C:\Users\Shifty\Desktop\freshvoxel\build\engine\FreshEngine.vcxproj]
C:\Users\Shifty\Desktop\freshvoxel\engine\rpg\LootSystem.cpp(79,38): error C2065: 'Naonite': undeclared identifier [C:\
Users\Shifty\Desktop\freshvoxel\build\engine\FreshEngine.vcxproj]
C:\Users\Shifty\Desktop\freshvoxel\engine\rpg\LootSystem.cpp(80,38): error C2838: 'Trinium': illegal qualified name in
member declaration [C:\Users\Shifty\Desktop\freshvoxel\build\engine\FreshEngine.vcxproj]
C:\Users\Shifty\Desktop\freshvoxel\engine\rpg\LootSystem.cpp(80,38): error C2065: 'Trinium': undeclared identifier [C:\
Users\Shifty\Desktop\freshvoxel\build\engine\FreshEngine.vcxproj]
C:\Users\Shifty\Desktop\freshvoxel\engine\rpg\LootSystem.cpp(87,38): error C2838: 'Credits': illegal qualified name in
member declaration [C:\Users\Shifty\Desktop\freshvoxel\build\engine\FreshEngine.vcxproj]
C:\Users\Shifty\Desktop\freshvoxel\engine\rpg\LootSystem.cpp(87,38): error C2065: 'Credits': undeclared identifier [C:\
Users\Shifty\Desktop\freshvoxel\build\engine\FreshEngine.vcxproj]
C:\Users\Shifty\Desktop\freshvoxel\engine\rpg\LootSystem.cpp(88,38): error C2838: 'Iron': illegal qualified name in mem
ber declaration [C:\Users\Shifty\Desktop\freshvoxel\build\engine\FreshEngine.vcxproj]
C:\Users\Shifty\Desktop\freshvoxel\engine\rpg\LootSystem.cpp(88,38): error C2065: 'Iron': undeclared identifier [C:\Use
rs\Shifty\Desktop\freshvoxel\build\engine\FreshEngine.vcxproj]
C:\Users\Shifty\Desktop\freshvoxel\engine\rpg\LootSystem.cpp(89,38): error C2838: 'Energy': illegal qualified name in m
ember declaration [C:\Users\Shifty\Desktop\freshvoxel\build\engine\FreshEngine.vcxproj]
C:\Users\Shifty\Desktop\freshvoxel\engine\rpg\LootSystem.cpp(89,38): error C2065: 'Energy': undeclared identifier [C:\U
sers\Shifty\Desktop\freshvoxel\build\engine\FreshEngine.vcxproj]
C:\Users\Shifty\Desktop\freshvoxel\engine\rpg\LootSystem.cpp(96,38): error C2838: 'Credits': illegal qualified name in
member declaration [C:\Users\Shifty\Desktop\freshvoxel\build\engine\FreshEngine.vcxproj]
C:\Users\Shifty\Desktop\freshvoxel\engine\rpg\LootSystem.cpp(96,38): error C2065: 'Credits': undeclared identifier [C:\
Users\Shifty\Desktop\freshvoxel\build\engine\FreshEngine.vcxproj]
C:\Users\Shifty\Desktop\freshvoxel\engine\rpg\LootSystem.cpp(97,38): error C2838: 'Titanium': illegal qualified name in
 member declaration [C:\Users\Shifty\Desktop\freshvoxel\build\engine\FreshEngine.vcxproj]
C:\Users\Shifty\Desktop\freshvoxel\engine\rpg\LootSystem.cpp(97,38): error C2065: 'Titanium': undeclared identifier [C:
\Users\Shifty\Desktop\freshvoxel\build\engine\FreshEngine.vcxproj]
C:\Users\Shifty\Desktop\freshvoxel\engine\rpg\LootSystem.cpp(98,38): error C2838: 'Naonite': illegal qualified name in
member declaration [C:\Users\Shifty\Desktop\freshvoxel\build\engine\FreshEngine.vcxproj]
C:\Users\Shifty\Desktop\freshvoxel\engine\rpg\LootSystem.cpp(98,38): error C2065: 'Naonite': undeclared identifier [C:\
Users\Shifty\Desktop\freshvoxel\build\engine\FreshEngine.vcxproj]
C:\Users\Shifty\Desktop\freshvoxel\engine\rpg\LootSystem.cpp(99,38): error C2838: 'Energy': illegal qualified name in m
ember declaration [C:\Users\Shifty\Desktop\freshvoxel\build\engine\FreshEngine.vcxproj]
C:\Users\Shifty\Desktop\freshvoxel\engine\rpg\LootSystem.cpp(99,38): error C2065: 'Energy': undeclared identifier [C:\U
sers\Shifty\Desktop\freshvoxel\build\engine\FreshEngine.vcxproj]
  TradingSystem.cpp
C:\Users\Shifty\Desktop\freshvoxel\engine\rpg\TradingSystem.cpp(105,29): error C2838: 'Iron': illegal qualified name in
 member declaration [C:\Users\Shifty\Desktop\freshvoxel\build\engine\FreshEngine.vcxproj]
C:\Users\Shifty\Desktop\freshvoxel\engine\rpg\TradingSystem.cpp(105,29): error C2065: 'Iron': undeclared identifier [C:
\Users\Shifty\Desktop\freshvoxel\build\engine\FreshEngine.vcxproj]
C:\Users\Shifty\Desktop\freshvoxel\engine\rpg\TradingSystem.cpp(108,29): error C2838: 'Titanium': illegal qualified nam
e in member declaration [C:\Users\Shifty\Desktop\freshvoxel\build\engine\FreshEngine.vcxproj]
C:\Users\Shifty\Desktop\freshvoxel\engine\rpg\TradingSystem.cpp(108,29): error C2065: 'Titanium': undeclared identifier
 [C:\Users\Shifty\Desktop\freshvoxel\build\engine\FreshEngine.vcxproj]
C:\Users\Shifty\Desktop\freshvoxel\engine\rpg\TradingSystem.cpp(111,29): error C2838: 'Naonite': illegal qualified name
 in member declaration [C:\Users\Shifty\Desktop\freshvoxel\build\engine\FreshEngine.vcxproj]
C:\Users\Shifty\Desktop\freshvoxel\engine\rpg\TradingSystem.cpp(111,29): error C2065: 'Naonite': undeclared identifier
[C:\Users\Shifty\Desktop\freshvoxel\build\engine\FreshEngine.vcxproj]
C:\Users\Shifty\Desktop\freshvoxel\engine\rpg\TradingSystem.cpp(114,29): error C2838: 'Trinium': illegal qualified name
 in member declaration [C:\Users\Shifty\Desktop\freshvoxel\build\engine\FreshEngine.vcxproj]
C:\Users\Shifty\Desktop\freshvoxel\engine\rpg\TradingSystem.cpp(114,29): error C2065: 'Trinium': undeclared identifier
[C:\Users\Shifty\Desktop\freshvoxel\build\engine\FreshEngine.vcxproj]
C:\Users\Shifty\Desktop\freshvoxel\engine\rpg\TradingSystem.cpp(117,29): error C2838: 'Xanion': illegal qualified name
in member declaration [C:\Users\Shifty\Desktop\freshvoxel\build\engine\FreshEngine.vcxproj]
C:\Users\Shifty\Desktop\freshvoxel\engine\rpg\TradingSystem.cpp(117,29): error C2065: 'Xanion': undeclared identifier [
C:\Users\Shifty\Desktop\freshvoxel\build\engine\FreshEngine.vcxproj]
C:\Users\Shifty\Desktop\freshvoxel\engine\rpg\TradingSystem.cpp(120,29): error C2838: 'Ogonite': illegal qualified name
 in member declaration [C:\Users\Shifty\Desktop\freshvoxel\build\engine\FreshEngine.vcxproj]
C:\Users\Shifty\Desktop\freshvoxel\engine\rpg\TradingSystem.cpp(120,29): error C2065: 'Ogonite': undeclared identifier
[C:\Users\Shifty\Desktop\freshvoxel\build\engine\FreshEngine.vcxproj]
C:\Users\Shifty\Desktop\freshvoxel\engine\rpg\TradingSystem.cpp(123,29): error C2838: 'Avorion': illegal qualified name
 in member declaration [C:\Users\Shifty\Desktop\freshvoxel\build\engine\FreshEngine.vcxproj]
C:\Users\Shifty\Desktop\freshvoxel\engine\rpg\TradingSystem.cpp(123,29): error C2065: 'Avorion': undeclared identifier
[C:\Users\Shifty\Desktop\freshvoxel\build\engine\FreshEngine.vcxproj]
C:\Users\Shifty\Desktop\freshvoxel\engine\rpg\TradingSystem.cpp(126,29): error C2838: 'Energy': illegal qualified name
in member declaration [C:\Users\Shifty\Desktop\freshvoxel\build\engine\FreshEngine.vcxproj]
C:\Users\Shifty\Desktop\freshvoxel\engine\rpg\TradingSystem.cpp(126,29): error C2065: 'Energy': undeclared identifier [
C:\Users\Shifty\Desktop\freshvoxel\build\engine\FreshEngine.vcxproj]
  NetworkMessage.cpp
  ClientConnection.cpp
  GameServer.cpp
  VoxelCharacter.cpp
  SectorServer.cpp
  BodyPartLibrary.cpp
  AnimationClip.cpp
  NetContext.cpp
  NetHardening.cpp
  AnimationController.cpp
  QoSScheduler.cpp
  Replication.cpp
  WeaponAttachment.cpp
  Generating Code...
  SelectionManager.cpp
  SelectionRenderer.cpp
  Compiling...
  DebugRenderer.cpp
  PerformanceProfiler.cpp
  TransformGizmo.cpp
  MemoryTracker.cpp
  DebugConsole.cpp
  TerraformingSystem.cpp
  DevToolsManager.cpp
  FileDialogManager.cpp
  TimeCommands.cpp
  GamePackager.cpp
  TickScheduler.cpp
C:\Users\Shifty\Desktop\freshvoxel\engine\editor\GamePackager.cpp(264,72): error C2220: the following warning is treate
d as an error [C:\Users\Shifty\Desktop\freshvoxel\build\FreshTests.vcxproj]
C:\Users\Shifty\Desktop\freshvoxel\engine\editor\GamePackager.cpp(264,72): warning C4996: 'gmtime': This function or va
riable may be unsafe. Consider using gmtime_s instead. To disable deprecation, use _CRT_SECURE_NO_WARNINGS. See online
help for details. [C:\Users\Shifty\Desktop\freshvoxel\build\FreshTests.vcxproj]
  ClientLauncher.cpp
  StateHasher.cpp
  ReplayRecorder.cpp
  CommandHistory.cpp
  DebugRenderer.cpp
  DebugConsole.cpp
  ModLoader.cpp
  TimeCommands.cpp
  PluginSystem.cpp
  EntityManager.cpp
  SchemaValidator.cpp
  Generating Code...
  ModuleLoader.cpp
  ScriptingEngine.cpp
  LuaScriptingEngine.cpp
  LuaECSBindings.cpp
  LuaTimeBindings.cpp
  Compiling...
  VoxelBlock.cpp
  EditorManager.cpp
  ModelLoader.cpp
  ViewportContext.cpp
  BehaviorTree.cpp
  LLMClient.cpp
  Generating Code...
  ProjectContext.cpp
  TickScheduler.cpp
  StateHasher.cpp
  ReplayRecorder.cpp
  Compiling...
  ViewportRenderTarget.cpp
  CommandHistory.cpp
  ModLoader.cpp
  InputContext.cpp
  HotbarPanel.cpp
  PluginSystem.cpp
  SchemaValidator.cpp
  ModuleLoader.cpp
  NativeMainMenu.cpp
  InventoryPanel.cpp
C:\Users\Shifty\Desktop\freshvoxel\engine\ui\InventoryPanel.cpp(26,35): error C2220: the following warning is treated a
s an error [C:\Users\Shifty\Desktop\freshvoxel\build\FreshTests.vcxproj]
C:\Users\Shifty\Desktop\freshvoxel\engine\ui\InventoryPanel.cpp(26,35): warning C4100: 'deltaTime': unreferenced formal
 parameter [C:\Users\Shifty\Desktop\freshvoxel\build\FreshTests.vcxproj]
C:\Users\Shifty\Desktop\freshvoxel\engine\ui\InventoryPanel.cpp(100,11): warning C4189: 'transferAmount': local variabl
e is initialized but not referenced [C:\Users\Shifty\Desktop\freshvoxel\build\FreshTests.vcxproj]
  DirectX11RenderContext.cpp
  AudioEngine.cpp
  ViewportContext.cpp
  DirectX12RenderContext.cpp
  ViewportRenderTarget.cpp
  InputContext.cpp
  OpenGLRenderContext.cpp
  BlueprintNode.cpp
  BlueprintGraph.cpp
  Win32Window.cpp
  Generating Code...
  GamePlayWindow.cpp
  Win32InputManager.cpp
  Compiling...
  BlueprintEditor.cpp
  Win32Panel.cpp
  DialogueNode.cpp
  DialogueGraph.cpp
  Win32MenuBar.cpp
  DialogueManager.cpp
  Generating Code...
  Win32Toolbar.cpp
  Win32HUD.cpp
  Win32HUDOverlay.cpp
  Win32TreeView.cpp
  Win32ListView.cpp
  Win32ConsolePanel.cpp
  Win32InspectorPanel.cpp
  Win32SceneHierarchyPanel.cpp
  Generating Code...
  Compiling...
  Win32ContentBrowserPanel.cpp
  Win32SettingsDialog.cpp
  Win32TerraformingPanel.cpp
  Win32ViewportPanel.cpp
  Win32StatusBar.cpp
  Win32LLMAssistantPanel.cpp
  WindowsThemeManager.cpp
  WindowsDialogManager.cpp
  WindowsTaskbarManager.cpp
  WindowsJumpListManager.cpp
  WindowsToastManager.cpp
  WindowsDPIManager.cpp
  Generating Code...
[ERROR] Build failed
Error: Build failed with exit code 1

The Visual Studio solution has been generated.
You can open it manually to investigate build errors:
  C:\Users\Shifty\Desktop\freshvoxel\build\FreshVoxelEngine.sln
PS>$global:?
False
**********************
Windows PowerShell transcript end
End time: 20260301195518
**********************
